uci set network.wg0=interface
uci set network.wg0.proto=wireguard
uci set network.wg0.private_key=wg0-private-key
uci add_list network.wg0.addresses=fd00::1/64
uci set network.wg0_r_0=route6
uci set network.wg0_r_0.interface=wg0
uci set network.wg0_r_0.target=fd00:20::/32
uci set network.wg0_r_1=route6
uci set network.wg0_r_1.interface=wg0
uci set network.wg0_r_1.target=fd00:30::/32
uci set network.wg0_r_1.gateway=fd00::2
uci set network.wg0_p_bravo=wireguard_wg0
uci set network.wg0_p_bravo.description=bravo
uci set network.wg0_p_bravo.public_key=bravo-public-key
uci add_list network.wg0_p_bravo.allowed_ips=fd00::2/128
uci set network.wg0_p_bravo.endpoint_host=fd00::2
uci set network.wg0_p_bravo.endpoint_port=51820
uci set network.wg0_p_bravo.route_allowed_ips=1
uci set network.wg0_p_charlie=wireguard_wg0
uci set network.wg0_p_charlie.description=charlie
uci set network.wg0_p_charlie.public_key=charlie-public-key
uci add_list network.wg0_p_charlie.allowed_ips=fd00::3/128
uci set network.wg0_p_charlie.endpoint_host=fd00::3
uci set network.wg0_p_charlie.route_allowed_ips=1
