uci set network.wg0=interface
uci set network.wg0.proto=wireguard
uci set network.wg0.private_key=wg0-private-key
uci add_list network.wg0.addresses=10.0.0.1/24
uci set network.wg0_r_0=route
uci set network.wg0_r_0.interface=wg0
uci set network.wg0_r_0.target=10.20.0.0/16
uci set network.wg0_r_0.gateway=10.0.0.2
uci set network.wg0_r_1=route
uci set network.wg0_r_1.interface=wg0
uci set network.wg0_r_1.target=10.30.0.0/16
uci set network.wg0_r_1.metric=50
uci set network.wg0_r_2=route6
uci set network.wg0_r_2.interface=wg0
uci set network.wg0_r_2.target=fd00:40::/32
uci set network.wg0_p_alfa=wireguard_wg0
uci set network.wg0_p_alfa.description=alfa
uci set network.wg0_p_alfa.public_key=alfa-public-key
uci add_list network.wg0_p_alfa.allowed_ips=10.0.0.2/32
uci set network.wg0_p_alfa.route_allowed_ips=1
uci set network.wg0_p_bravo=wireguard_wg0
uci set network.wg0_p_bravo.description=bravo
uci set network.wg0_p_bravo.public_key=bravo-public-key
uci add_list network.wg0_p_bravo.allowed_ips=10.0.0.3/32
uci set network.wg0_p_bravo.route_allowed_ips=1
uci set network.wg0_p_charlie=wireguard_wg0
uci set network.wg0_p_charlie.description=charlie
uci set network.wg0_p_charlie.public_key=charlie-public-key
uci add_list network.wg0_p_charlie.allowed_ips=10.0.0.4/32
uci set network.wg0_p_charlie.route_allowed_ips=1
